[14:55:10.598] [INFO] Storybook Upgrade - v9.1.3
[14:55:10.751] [INFO] detect-projects-spinner-start: Detecting projects...
[14:55:10.758] [DEBUG] Finding Storybook projects...
[14:55:11.493] [DEBUG] Found 1 Storybook projects
[14:55:11.495] [INFO] detect-projects-spinner: Detecting projects: 1 projects
[14:55:11.496] [DEBUG] Getting Storybook data...
[14:55:11.496] [DEBUG] Getting Storybook info...
[14:55:11.499] [DEBUG] Loading main config...
[14:55:12.067] [DEBUG] Getting stories paths...
[14:55:12.130] [DEBUG] Getting package manager...
[14:55:13.636] [DEBUG] Getting Storybook version...
[14:55:13.638] [DEBUG] C:/Projects/angular/.storybook - Validating before version... 8.2.9
[14:55:13.638] [DEBUG] C:/Projects/angular/.storybook - Validating upgrade compatibility...
[14:55:13.639] [DEBUG] C:/Projects/angular/.storybook - Fetching NPM version information...
[14:55:13.639] [DEBUG] Getting CLI versions from NPM for storybook...
[14:55:13.659] [DEBUG] Getting CLI versions from NPM for storybook@next...
[14:55:16.661] [DEBUG] C:/Projects/angular/.storybook - Evaluating blockers...
[14:55:16.669] [DEBUG] Getting installed version for @storybook/experimental-addon-test...
[14:55:24.471] [DEBUG] An issue occurred while trying to find dependencies metadata using npm.
[14:55:24.471] [INFO] detect-projects-spinner-stop: 1 project detected
[14:55:24.472] [DEBUG] Found 1 valid projects and 0 error projects
[14:55:24.472] [INFO] Upgrading from 8.2.9 to 9.1.3
[14:55:24.559] [INFO] upgrade-dependencies-task-start: Fetching versions to update package.json files..
[14:55:24.559] [DEBUG] Updating dependencies in C:/Projects/angular/.storybook...
[14:55:24.643] [INFO] upgrade-dependencies-task: \package.json
[14:55:24.645] [DEBUG] {
  "upgradedDependencies": []
}
[14:55:24.645] [DEBUG] {
  "upgradedDevDependencies": [
    "@storybook/addon-links@^9.1.3",
    "@storybook/angular@^9.1.3",
    "@storybook/builder-webpack5@^9.1.3"
  ]
}
[14:55:24.645] [DEBUG] {
  "upgradedPeerDependencies": []
}
[14:55:24.664] [DEBUG] Getting CLI versions from NPM for @storybook/addon-links...
[14:55:26.975] [DEBUG] Getting CLI versions from NPM for @storybook/angular...
[14:55:29.116] [DEBUG] Getting CLI versions from NPM for @storybook/builder-webpack5...
[14:55:31.114] [INFO] upgrade-dependencies-task-success: Updated package versions in package.json files
[14:55:31.116] [INFO] detect-automigrations-task-start: Detecting automigrations...
[14:55:31.116] [DEBUG] Starting automigration collection across 1 projects and 15 fixes...
[14:55:31.201] [INFO] detect-automigrations-task: Checking automigrations for C:/Projects/angular/.storybook...
[14:55:31.201] [DEBUG] Processing project: C:/Projects/angular/.storybook
[14:55:31.201] [DEBUG] Checking fix eslintPlugin for project C:/Projects/angular/.storybook...
[14:55:31.211] [DEBUG] Checking fix addon-mdx-gfm-remove for project C:/Projects/angular/.storybook...
[14:55:31.213] [DEBUG] Checking fix addon-storysource-code-panel for project C:/Projects/angular/.storybook...
[14:55:31.213] [DEBUG] Checking fix upgrade-storybook-related-dependencies for project C:/Projects/angular/.storybook...
[14:55:31.213] [DEBUG] Checking for incompatible storybook packages...
[14:55:31.223] [DEBUG] Getting installed version for @storybook/addon-actions...
[14:55:31.230] [DEBUG] Getting installed version for @storybook/addon-essentials...
[14:55:31.238] [DEBUG] Getting installed version for @storybook/addon-interactions...
[14:55:31.246] [DEBUG] Getting installed version for @storybook/testing-library...
[14:55:44.551] [DEBUG] An issue occurred while trying to find dependencies metadata using npm.
[14:55:44.551] [DEBUG] Getting CLI versions from NPM for @storybook/addon-actions...
[14:55:44.704] [DEBUG] An issue occurred while trying to find dependencies metadata using npm.
[14:55:44.704] [DEBUG] Getting CLI versions from NPM for @storybook/addon-interactions...
[14:55:44.738] [DEBUG] An issue occurred while trying to find dependencies metadata using npm.
[14:55:44.738] [DEBUG] Getting CLI versions from NPM for @storybook/addon-essentials...
[14:55:44.855] [DEBUG] An issue occurred while trying to find dependencies metadata using npm.
[14:55:44.855] [DEBUG] Getting CLI versions from NPM for @storybook/testing-library...
[14:55:48.435] [DEBUG] Checking fix initial-globals for project C:/Projects/angular/.storybook...
[14:55:48.506] [DEBUG] Checking fix addon-a11y-addon-test for project C:/Projects/angular/.storybook...
[14:55:48.507] [DEBUG] Checking fix consolidated-imports for project C:/Projects/angular/.storybook...
[14:55:48.510] [DEBUG] Checking fix addon-experimental-test for project C:/Projects/angular/.storybook...
[14:55:48.510] [DEBUG] Using cached installed version for @storybook/experimental-addon-test...
[14:55:48.510] [DEBUG] Checking fix rnstorybook-config for project C:/Projects/angular/.storybook...
[14:55:48.511] [DEBUG] Checking fix remove-addon-interactions for project C:/Projects/angular/.storybook...
[14:55:48.511] [DEBUG] Checking fix renderer-to-framework for project C:/Projects/angular/.storybook...
[14:55:48.516] [DEBUG] Checking fix remove-essential-addons for project C:/Projects/angular/.storybook...
[14:55:48.517] [DEBUG] Checking fix addon-a11y-parameters for project C:/Projects/angular/.storybook...
[14:55:48.517] [DEBUG] Checking fix remove-docs-autodocs for project C:/Projects/angular/.storybook...
[14:55:48.528] [DEBUG] Checking fix wrap-require for project C:/Projects/angular/.storybook...
[14:55:48.650] [INFO] detect-automigrations-task: 
Automigrations detected:
[14:55:48.759] [INFO] detect-automigrations-task: ✔ remove-addon-interactions
[14:55:48.862] [INFO] detect-automigrations-task: ✔ remove-essential-addons
[14:55:48.862] [INFO] detect-automigrations-task-success: 2 automigration(s) detected
[14:56:11.789] [PROMPT] Select automigrations to run {"choice":["remove-addon-interactions","remove-essential-addons"]}
[14:56:11.790] [INFO] automigrate-C:/Projects/angular/.storybook-task-start: Running automigrations for C:/Projects/angular/.storybook
[14:56:11.795] [DEBUG] Uninstalling @storybook/addon-interactions
[14:56:11.797] [DEBUG] Removing '@storybook/addon-interactions' from main.js addons field.
[14:56:11.879] [INFO] automigrate-C:/Projects/angular/.storybook-task: ✔ remove-addon-interactions
[14:56:11.884] [DEBUG] Uninstalling @storybook/addon-essentials
[14:56:11.885] [DEBUG] Removing '@storybook/addon-essentials' from main.js addons field.
[14:56:11.919] [DEBUG] Uninstalling @storybook/addon-actions
[14:56:11.942] [DEBUG] Getting Storybook info...
[14:56:11.943] [DEBUG] Loading main config...
[14:56:11.955] [DEBUG] Getting stories paths...
[14:56:11.956] [DEBUG] Getting package manager...
[14:56:11.968] [DEBUG] Getting Storybook version...
[14:56:12.054] [INFO] automigrate-C:/Projects/angular/.storybook-task: Verifying @storybook/addon-docs
[14:56:12.147] [INFO] automigrate-C:/Projects/angular/.storybook-task: Installing @storybook/addon-docs@9.1.3
[14:56:12.148] [DEBUG] Getting CLI versions from NPM for @storybook/addon-docs...
[14:56:14.862] [INFO] automigrate-C:/Projects/angular/.storybook-task: Adding '@storybook/addon-docs' to the "addons" field in
C:\Projects\angular\.storybook\main.js
[14:56:14.981] [INFO] automigrate-C:/Projects/angular/.storybook-task: ✔ remove-essential-addons
[14:56:14.981] [INFO] automigrate-C:/Projects/angular/.storybook-task-success: Completed automigrations for C:/Projects/angular/.storybook
[14:56:14.982] [INFO] Installing dependencies...
[14:56:14.982] [INFO] install-dependencies-task-start: Installing dependencies...
[14:56:35.048] [INFO] added 7 packages, removed 131 packages, changed 14 packages, and audited 1298 packages in 19s
[14:56:35.154] [INFO] install-dependencies-task: added 7 packages, removed 131 packages, changed 14 packages, and audited 1298
packages in 19s
[14:56:35.155] [INFO] 248 packages are looking for funding
  run `npm fund` for details
[14:56:35.266] [INFO] install-dependencies-task: 248 packages are looking for funding
run `npm fund` for details
[14:56:35.267] [INFO] 16 vulnerabilities (6 low, 6 moderate, 4 high)

To address issues that do not require attention, run:
  npm audit fix

To address all issues (including breaking changes), run:
  npm audit fix --force

Run `npm audit` for details.
[14:56:35.378] [INFO] install-dependencies-task: 16 vulnerabilities (6 low, 6 moderate, 4 high)

To address issues that do not require attention, run:
npm audit fix

To address all issues (including breaking changes), run:
npm audit fix --force

Run `npm audit` for details.
[14:56:35.379] [INFO] Dependencies installed
[14:56:35.379] [INFO] install-dependencies-task-success: Dependencies installed
[14:56:35.382] [INFO] Checking the health of your project(s)..
[14:56:42.467] [DEBUG] An issue occurred while trying to find dependencies metadata using npm.
[14:56:42.468] [WARN] C:/Projects/angular/.storybook: 1 issue found
[14:56:42.552] [INFO] The "storybook" package was not found in your package.json.
Installing "storybook" as a direct dev dependency in your package.json is required.
[14:56:42.552] [INFO] Missing Storybook Dependency
[14:56:42.633] [INFO] The "storybook" package was not found in your package.json.
Installing "storybook" as a direct dev dependency in your package.json is required.
[14:56:42.711] [INFO] Storybook doctor is complete!
[14:56:42.798] [INFO] You can always recheck the health of your project(s) by running:
npx storybook doctor
[14:56:42.888] [INFO] The upgrade is complete!
[14:56:42.968] [INFO] Your project(s) have been upgraded successfully, but some issues were found which need your attention, please check Storybook doctor logs above.
[14:56:43.222] [INFO] If you want to learn more about the automigrations that executed in your project(s), please check the following links:

• remove-addon-interactions
• remove-essential-addons
[14:56:43.300] [INFO] For a full list of changes, please check our migration guide: https://storybook.js.org/docs/migration-guide?ref=upgrade
[14:56:43.379] [INFO] Attention: Storybook now collects completely anonymous telemetry regarding usage. This information is used to shape Storybook's roadmap and prioritize features.
[14:56:43.467] [INFO] You can learn more, including how to opt-out if you'd not like to participate in this anonymous program, by visiting the following URL:
[14:56:43.545] [INFO] https://storybook.js.org/telemetry
[14:56:43.625] [INFO] 